// Jest Snapshot v1, https://goo.gl/fbAQLP

exports[`Footer test Matches the snapshot 1`] = `
<footer
  className="footer"
>
  <h2>
    blueLake 2020
  </h2>
  <div>
    Powered by
     
    <a
      href="https://www.weatherapi.com/"
      title="Free Weather API"
    >
      WeatherAPI.com
    </a>
  </div>
</footer>
`;
