// Jest Snapshot v1, https://goo.gl/fbAQLP

exports[`Footer test Matches the snapshot 1`] = `
<footer
  className="footer"
>
  <h2>
    blueLake 2020
  </h2>
  <div>
    <span>
      thx to 
    </span>
    <a
      href="https://www.metaweather.com/"
      rel="noopener, noreferrer"
      target="_blank"
    >
      MetaWeather
    </a>
  </div>
</footer>
`;
