// Jest Snapshot v1, https://goo.gl/fbAQLP

exports[`Home test Matches the snapshot 1`] = `
<div
  className="container"
>
  <section
    className="mainSection"
  >
    <div
      className="subSection"
    >
      <div
        className="searchSection"
      >
        <input
          disabled={false}
          id="location"
          name="location"
          onChange={[Function]}
          onKeyDown={[Function]}
          placeholder="Type location"
          type="text"
        />
        <Button
          classname="button"
          label="Search"
          onClick={[Function]}
        />
        <div
          className="searchSection"
          style={
            Object {
              "height": "16px",
            }
          }
        >
           
        </div>
      </div>
    </div>
  </section>
  <section
    className="forecastSection"
  >
    <div
      className="subSection"
    />
  </section>
</div>
`;
